malloc default
1: a7 
2: a7 f3 
3: a7 f3 a7 
4: a7 f3 a7 f3 
5: a7 f3 a7 f3 a7 
6: a7 f3 a7 f3 a7 f3 
7: a7 f3 a7 f3 a7 f3 a7 
8: a7 f3 a7 f3 a7 f3 a7 f3 
9: a7 f3 a7 f3 a7 f3 a7 f3 a7 
10: a7 f3 a7 f3 a7 f3 a7 f3 a7 f3 
11: a7 f3 a7 f3 a7 f3 a7 f3 a7 f3 a7 
12: a7 f3 a7 f3 a7 f3 a7 f3 a7 f3 a7 f3 
13: a7 f3 a7 f3 a7 f3 a7 f3 a7 f3 a7 f3 a7 
14: a7 f3 a7 f3 a7 f3 a7 f3 a7 f3 a7 f3 a7 f3 
15: a7 f3 a7 f3 a7 f3 a7 f3 a7 f3 a7 f3 a7 f3 a7 
16: a7 f3 a7 f3 a7 f3 a7 f3 a7 f3 a7 f3 a7 f3 a7 f3 
malloc stdlib
1: f3 
2: f3 ca 
3: f3 ca f3 
4: f3 ca f3 ca 
5: f3 ca f3 ca f3 
6: f3 ca f3 ca f3 ca 
7: f3 ca f3 ca f3 ca f3 
8: f3 ca f3 ca f3 ca f3 ca 
9: f3 ca f3 ca f3 ca f3 ca f3 
10: f3 ca f3 ca f3 ca f3 ca f3 ca 
11: f3 ca f3 ca f3 ca f3 ca f3 ca f3 
12: f3 ca f3 ca f3 ca f3 ca f3 ca f3 ca 
13: f3 ca f3 ca f3 ca f3 ca f3 ca f3 ca f3 
14: f3 ca f3 ca f3 ca f3 ca f3 ca f3 ca f3 ca 
15: f3 ca f3 ca f3 ca f3 ca f3 ca f3 ca f3 ca f3 
16: f3 ca f3 ca f3 ca f3 ca f3 ca f3 ca f3 ca f3 ca 
